CSV scan: jobs=577  missing_src=0  dup_name=0
[1/577] SKIP exists DEV_A31_1T.mp4
[2/577] SKIP exists DEV_A33_1T.mp4
[3/577] A31A33.MOV f3144-4070 -> DEV_A31_2T.mp4 (fps=30.0000000000 t0=104.766667s n=927)
[4/577] A31A33.MOV f4245-5200 -> DEV_A33_2T.mp4 (fps=30.0000000000 t0=141.466667s n=956)
[5/577] A31A33.MOV f5481-6427 -> DEV_A31_3T.mp4 (fps=30.0000000000 t0=182.666667s n=947)
[6/577] A31A33.MOV f6580-7527 -> DEV_A33_3T.mp4 (fps=30.0000000000 t0=219.300000s n=948)
[7/577] A31A33.MOV f7675-8602 -> DEV_A31_4T.mp4 (fps=30.0000000000 t0=255.800000s n=928)
[8/577] A31A33.MOV f8803-9740 -> DEV_A33_4T.mp4 (fps=30.0000000000 t0=293.400000s n=938)
[9/577] A31A33.MOV f9975-10897 -> DEV_A31_5T.mp4 (fps=30.0000000000 t0=332.466667s n=923)
[10/577] A31A33.MOV f11052-11996 -> DEV_A33_5T.mp4 (fps=30.0000000000 t0=368.366667s n=945)
[11/577] A31A33.MOV f12197-13135 -> DEV_A31_6T.mp4 (fps=30.0000000000 t0=406.533333s n=939)
[12/577] A31A33.MOV f13355-14281 -> DEV_A33_6T.mp4 (fps=30.0000000000 t0=445.133333s n=927)
[13/577] A38A39.MOV f209-1132 -> DEV_A38_1T.mp4 (fps=30.0000000000 t0=6.933333s n=924)
[14/577] A38A39.MOV f1291-2210 -> DEV_A39_1T.mp4 (fps=30.0000000000 t0=43.000000s n=920)
[15/577] A38A39.MOV f2412-3340 -> DEV_A38_2T.mp4 (fps=30.0000000000 t0=80.366667s n=929)
[16/577] A38A39.MOV f3533-4496 -> DEV_A39_2T.mp4 (fps=30.0000000000 t0=117.733333s n=964)
[17/577] A38A39.MOV f4673-5641 -> DEV_A38_3T.mp4 (fps=30.0000000000 t0=155.733333s n=969)
[18/577] A38A39.MOV f5789-6719 -> DEV_A39_3T.mp4 (fps=30.0000000000 t0=192.933333s n=931)
[19/577] A38A39.MOV f6890-7903 -> DEV_A38_4T.mp4 (fps=30.0000000000 t0=229.633333s n=1014)
[20/577] A38A39.MOV f8080-9011 -> DEV_A39_4T.mp4 (fps=30.0000000000 t0=269.300000s n=932)
[21/577] A38A39.MOV f9171-10089 -> DEV_A38_5T.mp4 (fps=30.0000000000 t0=305.666667s n=919)
[22/577] A38A39.MOV f10366-11306 -> DEV_A39_5T.mp4 (fps=30.0000000000 t0=345.500000s n=941)
[23/577] A38A39.MOV f11467-12396 -> DEV_A38_6T.mp4 (fps=30.0000000000 t0=382.200000s n=930)
[24/577] A38A39.MOV f12635-13569 -> DEV_A39_6T.mp4 (fps=30.0000000000 t0=421.133333s n=935)
[25/577] A43A44.MOV f237-1286 -> DEV_A43_1T.mp4 (fps=30.0000000000 t0=7.866667s n=1050)
[26/577] A43A44.MOV f1451-2387 -> DEV_A44_1T.mp4 (fps=30.0000000000 t0=48.333333s n=937)
[27/577] A43A44.MOV f2550-3468 -> DEV_A43_2T.mp4 (fps=30.0000000000 t0=84.966667s n=919)
[28/577] A43A44.MOV f3646-4593 -> DEV_A44_2T.mp4 (fps=30.0000000000 t0=121.500000s n=948)
[29/577] A43A44.MOV f4727-5654 -> DEV_A43_3T.mp4 (fps=30.0000000000 t0=157.533333s n=928)
[30/577] A43A44.MOV f5837-6763 -> DEV_A44_3T.mp4 (fps=30.0000000000 t0=194.533333s n=927)
[31/577] A43A44.MOV f6912-7856 -> DEV_A43_4T.mp4 (fps=30.0000000000 t0=230.366667s n=945)
[32/577] A43A44.MOV f8003-8972 -> DEV_A44_4T.mp4 (fps=30.0000000000 t0=266.733333s n=970)
[33/577] A43A44.MOV f9115-10049 -> DEV_A43_5T.mp4 (fps=30.0000000000 t0=303.800000s n=935)
[34/577] A43A44.MOV f10189-11110 -> DEV_A44_5T.mp4 (fps=30.0000000000 t0=339.600000s n=922)
[35/577] A43A44.MOV f11283-12217 -> DEV_A43_6T.mp4 (fps=30.0000000000 t0=376.066667s n=935)
[36/577] A43A44.MOV f12401-13330 -> DEV_A44_6T.mp4 (fps=30.0000000000 t0=413.333333s n=930)
[37/577] A49.MOV f273-1195 -> DEV_A49_1T.mp4 (fps=30.0000000000 t0=9.066667s n=923)
[38/577] A49.MOV f2373-3343 -> DEV_A49_2T.mp4 (fps=30.0000000000 t0=79.066667s n=971)
[39/577] A49.MOV f4411-5377 -> DEV_A49_3T.mp4 (fps=30.0000000000 t0=147.000000s n=967)
[40/577] A49.MOV f6439-7394 -> DEV_A49_4T.mp4 (fps=30.0000000000 t0=214.600000s n=956)
[41/577] A49.MOV f8440-9364 -> DEV_A49_5T.mp4 (fps=30.0000000000 t0=281.300000s n=925)
[42/577] A49.MOV f10439-11371 -> DEV_A49_6T.mp4 (fps=30.0000000000 t0=347.933333s n=933)
[43/577] A54A55.MOV f275-1213 -> DEV_A54_1T.mp4 (fps=30.0000000000 t0=9.133333s n=939)
[44/577] A54A55.MOV f1464-2388 -> DEV_A55_1T.mp4 (fps=30.0000000000 t0=48.766667s n=925)
[45/577] A54A55.MOV f2561-3497 -> DEV_A54_2T.mp4 (fps=30.0000000000 t0=85.333333s n=937)
[46/577] A54A55.MOV f3707-4631 -> DEV_A55_2T.mp4 (fps=30.0000000000 t0=123.533333s n=925)
[47/577] A54A55.MOV f4812-5746 -> DEV_A54_3T.mp4 (fps=30.0000000000 t0=160.366667s n=935)
[48/577] A54A55.MOV f5945-6872 -> DEV_A55_3T.mp4 (fps=30.0000000000 t0=198.133333s n=928)
[49/577] A54A55.MOV f7085-8022 -> DEV_A54_4T.mp4 (fps=30.0000000000 t0=236.133333s n=938)
[50/577] A54A55.MOV f8192-9126 -> DEV_A55_4T.mp4 (fps=30.0000000000 t0=273.033333s n=935)
[51/577] A54A55.MOV f9410-10336 -> DEV_A54_5T.mp4 (fps=30.0000000000 t0=313.633333s n=927)
[52/577] A54A55.MOV f10606-11528 -> DEV_A55_5T.mp4 (fps=30.0000000000 t0=353.500000s n=923)
[53/577] A54A55.MOV f11678-12596 -> DEV_A54_6T.mp4 (fps=30.0000000000 t0=389.233333s n=919)
[54/577] A54A55.MOV f12725-13662 -> DEV_A55_6T.mp4 (fps=30.0000000000 t0=424.133333s n=938)
[55/577] C3C4.MOV f392-1270 -> DEV_C3_1T.mp4 (fps=30.0000000000 t0=13.033333s n=879)
[56/577] C3C4.MOV f1631-2566 -> DEV_C4_1T.mp4 (fps=30.0000000000 t0=54.333333s n=936)
[57/577] C3C4.MOV f2762-3677 -> DEV_C3_2T.mp4 (fps=30.0000000000 t0=92.033333s n=916)
[58/577] C3C4.MOV f3886-4820 -> DEV_C4_2T.mp4 (fps=30.0000000000 t0=129.500000s n=935)
[59/577] C3C4.MOV f5190-6099 -> DEV_C3_3T.mp4 (fps=30.0000000000 t0=172.966667s n=910)
[60/577] C3C4.MOV f6397-7353 -> DEV_C4_3T.mp4 (fps=30.0000000000 t0=213.200000s n=957)
[61/577] C3C4.MOV f7523-8417 -> DEV_C3_4T.mp4 (fps=30.0000000000 t0=250.733333s n=895)
[62/577] C3C4.MOV f8609-9489 -> DEV_C4_4T.mp4 (fps=30.0000000000 t0=286.933333s n=881)
[63/577] C3C4.MOV f9666-10570 -> DEV_C3_5T.mp4 (fps=30.0000000000 t0=322.166667s n=905)
[64/577] C3C4.MOV f10883-11772 -> DEV_C4_5T.mp4 (fps=30.0000000000 t0=362.733333s n=890)
[65/577] C3C4.MOV f11952-12846 -> DEV_C3_6T.mp4 (fps=30.0000000000 t0=398.366667s n=895)
[66/577] C3C4.MOV f13044-13915 -> DEV_C4_6T.mp4 (fps=30.0000000000 t0=434.766667s n=872)
[67/577] C15C16.MOV f446-1386 -> DEV_C15_1T.mp4 (fps=30.0000000000 t0=14.833333s n=941)
[68/577] C15C16.MOV f1633-2556 -> DEV_C16_1T.mp4 (fps=30.0000000000 t0=54.400000s n=924)
[69/577] C15C16.MOV f2829-3713 -> DEV_C15_2T.mp4 (fps=30.0000000000 t0=94.266667s n=885)
[70/577] C15C16.MOV f4037-4935 -> DEV_C16_2T.mp4 (fps=30.0000000000 t0=134.533333s n=899)
[71/577] C15C16.MOV f5109-6016 -> DEV_C15_3T.mp4 (fps=30.0000000000 t0=170.266667s n=908)
[72/577] C15C16.MOV f6221-7103 -> DEV_C16_3T.mp4 (fps=30.0000000000 t0=207.333333s n=883)
[73/577] C15C16.MOV f7273-8175 -> DEV_C15_4T.mp4 (fps=30.0000000000 t0=242.400000s n=903)
[74/577] C15C16.MOV f8414-9291 -> DEV_C16_4T.mp4 (fps=30.0000000000 t0=280.433333s n=878)
[75/577] C15C16.MOV f9463-10419 -> DEV_C15_5T.mp4 (fps=30.0000000000 t0=315.400000s n=957)
[76/577] C15C16.MOV f10636-11534 -> DEV_C16_5T.mp4 (fps=30.0000000000 t0=354.500000s n=899)
[77/577] C15C16.MOV f11676-12620 -> DEV_C15_6T.mp4 (fps=30.0000000000 t0=389.166667s n=945)
[78/577] C15C16.MOV f12960-13851 -> DEV_C16_6T.mp4 (fps=30.0000000000 t0=431.966667s n=892)
[79/577] C21C22.MOV f356-1267 -> DEV_C21_1T.mp4 (fps=30.0000000000 t0=11.833333s n=912)
[80/577] C21C22.MOV f1451-2347 -> DEV_C22_1T.mp4 (fps=30.0000000000 t0=48.333333s n=897)
[81/577] C21C22.MOV f2535-3424 -> DEV_C21_2T.mp4 (fps=30.0000000000 t0=84.466667s n=890)
[82/577] C21C22.MOV f3839-4745 -> DEV_C22_2T.mp4 (fps=30.0000000000 t0=127.933333s n=907)
[83/577] C21C22.MOV f4982-5903 -> DEV_C21_3T.mp4 (fps=30.0000000000 t0=166.033333s n=922)
[84/577] C21C22.MOV f6071-7348 -> DEV_C22_3T.mp4 (fps=30.0000000000 t0=202.333333s n=1278)
[85/577] C21C22.MOV f7513-8583 -> DEV_C21_4T.mp4 (fps=30.0000000000 t0=250.400000s n=1071)
[86/577] C21C22.MOV f8783-9757 -> DEV_C22_4T.mp4 (fps=30.0000000000 t0=292.733333s n=975)
[87/577] C21C22.MOV f10007-10888 -> DEV_C21_5T.mp4 (fps=30.0000000000 t0=333.533333s n=882)
[88/577] C21C22.MOV f11177-12059 -> DEV_C22_5T.mp4 (fps=30.0000000000 t0=372.533333s n=883)
[89/577] C21C22.MOV f12397-13257 -> DEV_C21_6T.mp4 (fps=30.0000000000 t0=413.200000s n=861)
[90/577] C21C22.MOV f13469-14368 -> DEV_C22_6T.mp4 (fps=30.0000000000 t0=448.933333s n=900)
[91/577] C35C36.MOV f601-1512 -> DEV_C35_1T.mp4 (fps=30.0000000000 t0=20.000000s n=912)
[92/577] C35C36.MOV f1743-2647 -> DEV_C36_1T.mp4 (fps=30.0000000000 t0=58.066667s n=905)
[93/577] C35C36.MOV f2897-3784 -> DEV_C35_2T.mp4 (fps=30.0000000000 t0=96.533333s n=888)
[94/577] C35C36.MOV f4102-4991 -> DEV_C36_2T.mp4 (fps=30.0000000000 t0=136.700000s n=890)
[95/577] C35C36.MOV f5283-6201 -> DEV_C35_3T.mp4 (fps=30.0000000000 t0=176.066667s n=919)
[96/577] C35C36.MOV f6488-7396 -> DEV_C36_3T.mp4 (fps=30.0000000000 t0=216.233333s n=909)
[97/577] C35C36.MOV f7594-8504 -> DEV_C35_4T.mp4 (fps=30.0000000000 t0=253.100000s n=911)
[98/577] C35C36.MOV f8796-9732 -> DEV_C36_4T.mp4 (fps=30.0000000000 t0=293.166667s n=937)
[99/577] C35C36.MOV f9905-10827 -> DEV_C35_5T.mp4 (fps=30.0000000000 t0=330.133333s n=923)
[100/577] C35C36.MOV f11024-11948 -> DEV_C36_5T.mp4 (fps=30.0000000000 t0=367.433333s n=925)
[101/577] C35C36.MOV f12148-13075 -> DEV_C35_6T.mp4 (fps=30.0000000000 t0=404.900000s n=928)
[102/577] C35C36.MOV f13464-14345 -> DEV_C36_6T.mp4 (fps=30.0000000000 t0=448.766667s n=882)
[103/577] SKIP exists DEV_A13_1T.mp4
[104/577] A13A14.MOV f1955-2902 -> DEV_A14_1T.mp4 (fps=30.0000000000 t0=65.133333s n=948)
[105/577] A13A14.MOV f3110-4058 -> DEV_A13_2T.mp4 (fps=30.0000000000 t0=103.633333s n=949)
[106/577] A13A14.MOV f4224-5143 -> DEV_A14_2T.mp4 (fps=30.0000000000 t0=140.766667s n=920)
[107/577] A13A14.MOV f5393-6366 -> DEV_A13_3T.mp4 (fps=30.0000000000 t0=179.733333s n=974)
[108/577] A13A14.MOV f6654-7498 -> DEV_A14_3T.mp4 (fps=30.0000000000 t0=221.766667s n=845)
[109/577] A13A14.MOV f7660-8629 -> DEV_A13_4T.mp4 (fps=30.0000000000 t0=255.300000s n=970)
[110/577] A13A14.MOV f8850-9834 -> DEV_A14_4T.mp4 (fps=30.0000000000 t0=294.966667s n=985)
[111/577] A13A14.MOV f10029-10985 -> DEV_A13_5T.mp4 (fps=30.0000000000 t0=334.266667s n=957)
[112/577] A13A14.MOV f11157-12090 -> DEV_A14_5T.mp4 (fps=30.0000000000 t0=371.866667s n=934)
[113/577] A13A14.MOV f12291-13261 -> DEV_A13_6T.mp4 (fps=30.0000000000 t0=409.666667s n=971)
[114/577] A13A14.MOV f13478-14442 -> DEV_A14_6T.mp4 (fps=30.0000000000 t0=449.233333s n=965)
[115/577] A18A19.MOV f1108-2036 -> DEV_A18_1T.mp4 (fps=30.0000000000 t0=36.900000s n=929)
[116/577] A18A19.MOV f2219-3147 -> DEV_A19_1T.mp4 (fps=30.0000000000 t0=73.933333s n=929)
[117/577] A18A19.MOV f3331-4256 -> DEV_A18_2T.mp4 (fps=30.0000000000 t0=111.000000s n=926)
[118/577] A18A19.MOV f4413-5343 -> DEV_A19_2T.mp4 (fps=30.0000000000 t0=147.066667s n=931)
[119/577] A18A19.MOV f5597-6532 -> DEV_A18_3T.mp4 (fps=30.0000000000 t0=186.533333s n=936)
[120/577] A18A19.MOV f6735-7717 -> DEV_A19_3T.mp4 (fps=30.0000000000 t0=224.466667s n=983)
[121/577] A18A19.MOV f7900-8863 -> DEV_A18_4T.mp4 (fps=30.0000000000 t0=263.300000s n=964)
[122/577] A18A19.MOV f9078-10009 -> DEV_A19_4T.mp4 (fps=30.0000000000 t0=302.566667s n=932)
[123/577] A18A19.MOV f10147-11116 -> DEV_A18_5T.mp4 (fps=30.0000000000 t0=338.200000s n=970)
[124/577] A18A19.MOV f11392-12340 -> DEV_A19_5T.mp4 (fps=30.0000000000 t0=379.700000s n=949)
[125/577] A18A19.MOV f12561-13501 -> DEV_A18_6T.mp4 (fps=30.0000000000 t0=418.666667s n=941)
[126/577] A18A19.MOV f13686-14656 -> DEV_A19_6T.mp4 (fps=30.0000000000 t0=456.166667s n=971)
[127/577] A24.MOV f183-1131 -> DEV_A24_1T.mp4 (fps=30.0000000000 t0=6.066667s n=949)
[128/577] A24.MOV f2183-3100 -> DEV_A24_2T.mp4 (fps=30.0000000000 t0=72.733333s n=918)
[129/577] A24.MOV f4211-5154 -> DEV_A24_3T.mp4 (fps=30.0000000000 t0=140.333333s n=944)
[130/577] A24.MOV f6225-7245 -> DEV_A24_4T.mp4 (fps=30.0000000000 t0=207.466667s n=1021)
[131/577] A24.MOV f8321-9243 -> DEV_A24_5T.mp4 (fps=30.0000000000 t0=277.333333s n=923)
[132/577] A24.MOV f10299-11280 -> DEV_A24_6T.mp4 (fps=30.0000000000 t0=343.266667s n=982)
[133/577] A29A30.MOV f400-1420 -> DEV_A29_1T.mp4 (fps=30.0000000000 t0=13.300000s n=1021)
[134/577] A29A30.MOV f1571-2503 -> DEV_A30_1T.mp4 (fps=30.0000000000 t0=52.333333s n=933)
[135/577] A29A30.MOV f2659-3585 -> DEV_A29_2T.mp4 (fps=30.0000000000 t0=88.600000s n=927)
[136/577] A29A30.MOV f3767-4710 -> DEV_A30_2T.mp4 (fps=30.0000000000 t0=125.533333s n=944)
[137/577] A29A30.MOV f4902-5822 -> DEV_A29_3T.mp4 (fps=30.0000000000 t0=163.366667s n=921)
[138/577] A29A30.MOV f6003-6939 -> DEV_A30_3T.mp4 (fps=30.0000000000 t0=200.066667s n=937)
[139/577] A29A30.MOV f7210-8150 -> DEV_A29_4T.mp4 (fps=30.0000000000 t0=240.300000s n=941)
[140/577] A29A30.MOV f8453-9356 -> DEV_A30_4T.mp4 (fps=30.0000000000 t0=281.733333s n=904)
[141/577] A29A30.MOV f9537-10513 -> DEV_A29_5T.mp4 (fps=30.0000000000 t0=317.866667s n=977)
[142/577] A29A30.MOV f10721-11691 -> DEV_A30_5T.mp4 (fps=30.0000000000 t0=357.333333s n=971)
[143/577] A29A30.MOV f11966-12896 -> DEV_A29_6T.mp4 (fps=30.0000000000 t0=398.833333s n=931)
[144/577] A29A30.MOV f13055-13995 -> DEV_A30_6T.mp4 (fps=30.0000000000 t0=435.133333s n=941)
[145/577] SKIP exists DEV_D5_1T.mp4
[146/577] SKIP exists DEV_D6_1T.mp4
[147/577] D5D6.mp4 f2738-3612 -> DEV_D5_2T.mp4 (fps=30.0000000000 t0=91.233333s n=875)
[148/577] D5D6.mp4 f3849-4826 -> DEV_D6_2T.mp4 (fps=30.0000000000 t0=128.266667s n=978)
[149/577] D5D6.mp4 f5035-5991 -> DEV_D5_3T.mp4 (fps=30.0000000000 t0=167.800000s n=957)
[150/577] D5D6.mp4 f6291-7217 -> DEV_D6_3T.mp4 (fps=30.0000000000 t0=209.666667s n=927)
[151/577] D5D6.mp4 f7515-8504 -> DEV_D5_4T.mp4 (fps=30.0000000000 t0=250.466667s n=990)
[152/577] D5D6.mp4 f8767-9705 -> DEV_D6_4T.mp4 (fps=30.0000000000 t0=292.200000s n=939)
[153/577] D5D6.mp4 f9937-10862 -> DEV_D5_5T.mp4 (fps=30.0000000000 t0=331.200000s n=926)
[154/577] D5D6.mp4 f11064-11932 -> DEV_D6_5T.mp4 (fps=30.0000000000 t0=368.766667s n=869)
[155/577] D5D6.mp4 f12180-13042 -> DEV_D5_6T.mp4 (fps=30.0000000000 t0=405.966667s n=863)
[156/577] D5D6.mp4 f13237-14052 -> DEV_D6_6T.mp4 (fps=30.0000000000 t0=441.200000s n=816)
[157/577] D11D12.mp4 f249-1167 -> DEV_D11_1T.mp4 (fps=30.0000000000 t0=8.266667s n=919)
[158/577] D11D12.mp4 f1466-2428 -> DEV_D12_1T.mp4 (fps=30.0000000000 t0=48.833333s n=963)
[159/577] D11D12.mp4 f2686-3610 -> DEV_D11_2T.mp4 (fps=30.0000000000 t0=89.500000s n=925)
[160/577] D11D12.mp4 f3807-4715 -> DEV_D12_2T.mp4 (fps=30.0000000000 t0=126.866667s n=909)
[161/577] D11D12.mp4 f4935-5856 -> DEV_D11_3T.mp4 (fps=30.0000000000 t0=164.466667s n=922)
[162/577] D11D12.mp4 f6067-7006 -> DEV_D12_3T.mp4 (fps=30.0000000000 t0=202.200000s n=940)
[163/577] D11D12.mp4 f7232-8208 -> DEV_D11_4T.mp4 (fps=30.0000000000 t0=241.033333s n=977)
[164/577] D11D12.mp4 f8523-9434 -> DEV_D12_4T.mp4 (fps=30.0000000000 t0=284.066667s n=912)
[165/577] D11D12.mp4 f9687-10688 -> DEV_D11_5T.mp4 (fps=30.0000000000 t0=322.866667s n=1002)
[166/577] D11D12.mp4 f11070-11979 -> DEV_D12_5T.mp4 (fps=30.0000000000 t0=368.966667s n=910)
[167/577] D11D12.mp4 f12195-13095 -> DEV_D11_6T.mp4 (fps=30.0000000000 t0=406.466667s n=901)
[168/577] D11D12.mp4 f13312-14256 -> DEV_D12_6T.mp4 (fps=30.0000000000 t0=443.700000s n=945)
[169/577] D17D18.mp4 f131-535 -> DEV_D17_1T.mp4 (fps=30.0000000000 t0=4.333333s n=405)
[170/577] D17D18.mp4 f706-1095 -> DEV_D18_1T.mp4 (fps=30.0000000000 t0=23.500000s n=390)
[171/577] D17D18.mp4 f1188-1585 -> DEV_D17_2T.mp4 (fps=30.0000000000 t0=39.566667s n=398)
[172/577] D17D18.mp4 f1703-2104 -> DEV_D18_2T.mp4 (fps=30.0000000000 t0=56.733333s n=402)
[173/577] D17D18.mp4 f2306-2694 -> DEV_D17_3T.mp4 (fps=30.0000000000 t0=76.833333s n=389)
[174/577] D17D18.mp4 f2762-3093 -> DEV_D18_3T.mp4 (fps=30.0000000000 t0=92.033333s n=332)
[175/577] D17D18.mp4 f3211-3622 -> DEV_D17_4T.mp4 (fps=30.0000000000 t0=107.000000s n=412)
[176/577] D17D18.mp4 f3713-4116 -> DEV_D18_4T.mp4 (fps=30.0000000000 t0=123.733333s n=404)
[177/577] D17D18.mp4 f4240-4639 -> DEV_D17_5T.mp4 (fps=30.0000000000 t0=141.300000s n=400)
[178/577] D17D18.mp4 f4762-5175 -> DEV_D18_5T.mp4 (fps=30.0000000000 t0=158.700000s n=414)
[179/577] D17D18.mp4 f5285-5687 -> DEV_D17_6T.mp4 (fps=30.0000000000 t0=176.133333s n=403)
[180/577] D17D18.mp4 f5783-6174 -> DEV_D18_6T.mp4 (fps=30.0000000000 t0=192.733333s n=392)
[181/577] F5F6.mp4 f125-1061 -> DEV_F5_1T.mp4 (fps=30.0000000000 t0=4.133333s n=937)
[182/577] F5F6.mp4 f1355-2676 -> DEV_F6_1T.mp4 (fps=30.0000000000 t0=45.133333s n=1322)
[183/577] F5F6.mp4 f2914-3863 -> DEV_F5_2T.mp4 (fps=30.0000000000 t0=97.100000s n=950)
[184/577] F5F6.mp4 f4082-5017 -> DEV_F6_2T.mp4 (fps=30.0000000000 t0=136.033333s n=936)
[185/577] F5F6.mp4 f5446-6361 -> DEV_F5_3T.mp4 (fps=30.0000000000 t0=181.500000s n=916)
[186/577] F5F6.mp4 f6600-7463 -> DEV_F6_3T.mp4 (fps=30.0000000000 t0=219.966667s n=864)
[187/577] F5F6.mp4 f7740-8647 -> DEV_F5_4T.mp4 (fps=30.0000000000 t0=257.966667s n=908)
[188/577] F5F6.mp4 f8903-9933 -> DEV_F6_4T.mp4 (fps=30.0000000000 t0=296.733333s n=1031)
[189/577] F5F6.mp4 f10175-11048 -> DEV_F5_5T.mp4 (fps=30.0000000000 t0=339.133333s n=874)
[190/577] F5F6.mp4 f11290-12249 -> DEV_F6_5T.mp4 (fps=30.0000000000 t0=376.300000s n=960)
[191/577] F5F6.mp4 f12435-13281 -> DEV_F5_6T.mp4 (fps=30.0000000000 t0=414.466667s n=847)
[192/577] F5F6.mp4 f13550-14465 -> DEV_F6_6T.mp4 (fps=30.0000000000 t0=451.633333s n=916)
[193/577] G1G2.mp4 f271-1213 -> DEV_G1_1T.mp4 (fps=30.0000000000 t0=9.000000s n=943)
[194/577] G1G2.mp4 f1672-2731 -> DEV_G2_1T.mp4 (fps=30.0000000000 t0=55.700000s n=1060)
[195/577] G1G2.mp4 f3050-4001 -> DEV_G1_2T.mp4 (fps=30.0000000000 t0=101.633333s n=952)
[196/577] G1G2.mp4 f4295-5287 -> DEV_G2_2T.mp4 (fps=30.0000000000 t0=143.133333s n=993)
[197/577] G1G2.mp4 f5689-6625 -> DEV_G1_3T.mp4 (fps=30.0000000000 t0=189.600000s n=937)
[198/577] G1G2.mp4 f7024-7975 -> DEV_G2_3T.mp4 (fps=30.0000000000 t0=234.100000s n=952)
[199/577] G1G2.mp4 f8619-9601 -> DEV_G1_4T.mp4 (fps=30.0000000000 t0=287.266667s n=983)
[200/577] G1G2.mp4 f9953-10941 -> DEV_G2_4T.mp4 (fps=30.0000000000 t0=331.733333s n=989)
[201/577] G1G2.mp4 f11195-12249 -> DEV_G1_5T.mp4 (fps=30.0000000000 t0=373.133333s n=1055)
[202/577] G1G2.mp4 f12494-13470 -> DEV_G2_5T.mp4 (fps=30.0000000000 t0=416.433333s n=977)
[203/577] G1G2.mp4 f13757-14707 -> DEV_G1_6T.mp4 (fps=30.0000000000 t0=458.533333s n=951)
[204/577] G1G2.mp4 f14982-16051 -> DEV_G2_6T.mp4 (fps=30.0000000000 t0=499.366667s n=1070)
[205/577] A34A35.MOV f236-1181 -> DEV_A34_1T.mp4 (fps=30.0000000000 t0=7.833333s n=946)
[206/577] A34A35.MOV f1348-2302 -> DEV_A35_1T.mp4 (fps=30.0000000000 t0=44.900000s n=955)
[207/577] A34A35.MOV f2454-3393 -> DEV_A34_2T.mp4 (fps=30.0000000000 t0=81.766667s n=940)
[208/577] A34A35.MOV f3703-4623 -> DEV_A35_2T.mp4 (fps=30.0000000000 t0=123.400000s n=921)
[209/577] A34A35.MOV f4866-5797 -> DEV_A34_3T.mp4 (fps=30.0000000000 t0=162.166667s n=932)
[210/577] A34A35.MOV f5979-6899 -> DEV_A35_3T.mp4 (fps=30.0000000000 t0=199.266667s n=921)
[211/577] A34A35.MOV f7102-8034 -> DEV_A34_4T.mp4 (fps=30.0000000000 t0=236.700000s n=933)
[212/577] A34A35.MOV f8254-9211 -> DEV_A35_4T.mp4 (fps=30.0000000000 t0=275.100000s n=958)
[213/577] A34A35.MOV f9387-10302 -> DEV_A34_5T.mp4 (fps=30.0000000000 t0=312.866667s n=916)
[214/577] A34A35.MOV f10505-11445 -> DEV_A35_5T.mp4 (fps=30.0000000000 t0=350.133333s n=941)
[215/577] A34A35.MOV f11656-12585 -> DEV_A34_6T.mp4 (fps=30.0000000000 t0=388.500000s n=930)
[216/577] A34A35.MOV f12782-13737 -> DEV_A35_6T.mp4 (fps=30.0000000000 t0=426.033333s n=956)
[217/577] A40A41.MOV f281-1214 -> DEV_A40_1T.mp4 (fps=30.0000000000 t0=9.333333s n=934)
[218/577] A40A41.MOV f1468-2400 -> DEV_A41_1T.mp4 (fps=30.0000000000 t0=48.900000s n=933)
[219/577] A40A41.MOV f2558-3500 -> DEV_A40_2T.mp4 (fps=30.0000000000 t0=85.233333s n=943)
[220/577] A40A41.MOV f3700-4621 -> DEV_A41_2T.mp4 (fps=30.0000000000 t0=123.300000s n=922)
[221/577] A40A41.MOV f4781-5706 -> DEV_A40_3T.mp4 (fps=30.0000000000 t0=159.333333s n=926)
[222/577] A40A41.MOV f5906-6863 -> DEV_A41_3T.mp4 (fps=30.0000000000 t0=196.833333s n=958)
[223/577] A40A41.MOV f7179-8172 -> DEV_A40_4T.mp4 (fps=30.0000000000 t0=239.266667s n=994)
[224/577] A40A41.MOV f8395-9322 -> DEV_A41_4T.mp4 (fps=30.0000000000 t0=279.800000s n=928)
[225/577] A40A41.MOV f9484-10468 -> DEV_A40_5T.mp4 (fps=30.0000000000 t0=316.100000s n=985)
[226/577] A40A41.MOV f10604-11532 -> DEV_A41_5T.mp4 (fps=30.0000000000 t0=353.433333s n=929)
[227/577] A40A41.MOV f11913-12857 -> DEV_A40_6T.mp4 (fps=30.0000000000 t0=397.066667s n=945)
[228/577] A40A41.MOV f13016-13997 -> DEV_A41_6T.mp4 (fps=30.0000000000 t0=433.833333s n=982)
[229/577] A45A46.MOV f277-1245 -> DEV_A45_1T.mp4 (fps=30.0000000000 t0=9.200000s n=969)
[230/577] A45A46.MOV f1406-2404 -> DEV_A46_1T.mp4 (fps=30.0000000000 t0=46.833333s n=999)
[231/577] A45A46.MOV f2569-3526 -> DEV_A45_2T.mp4 (fps=30.0000000000 t0=85.600000s n=958)
[232/577] A45A46.MOV f3669-4604 -> DEV_A46_2T.mp4 (fps=30.0000000000 t0=122.266667s n=936)
[233/577] A45A46.MOV f4854-5814 -> DEV_A45_3T.mp4 (fps=30.0000000000 t0=161.766667s n=961)
[234/577] A45A46.MOV f5977-6909 -> DEV_A46_3T.mp4 (fps=30.0000000000 t0=199.200000s n=933)
[235/577] A45A46.MOV f7061-7987 -> DEV_A45_4T.mp4 (fps=30.0000000000 t0=235.333333s n=927)
[236/577] A45A46.MOV f8184-9115 -> DEV_A46_4T.mp4 (fps=30.0000000000 t0=272.766667s n=932)
[237/577] A45A46.MOV f9346-10336 -> DEV_A45_5T.mp4 (fps=30.0000000000 t0=311.500000s n=991)
[238/577] A45A46.MOV f10482-11419 -> DEV_A46_5T.mp4 (fps=30.0000000000 t0=349.366667s n=938)
[239/577] A45A46.MOV f11570-12517 -> DEV_A45_6T.mp4 (fps=30.0000000000 t0=385.633333s n=948)
[240/577] A45A46.MOV f12781-13737 -> DEV_A46_6T.mp4 (fps=30.0000000000 t0=426.000000s n=957)
[241/577] A50A51.MOV f246-1256 -> DEV_A50_1T.mp4 (fps=30.0000000000 t0=8.166667s n=1011)
[242/577] A50A51.MOV f1462-2386 -> DEV_A51_1T.mp4 (fps=30.0000000000 t0=48.700000s n=925)
[243/577] A50A51.MOV f2625-3553 -> DEV_A50_2T.mp4 (fps=30.0000000000 t0=87.466667s n=929)
[244/577] A50A51.MOV f3759-4677 -> DEV_A51_2T.mp4 (fps=30.0000000000 t0=125.266667s n=919)
[245/577] A50A51.MOV f4825-5766 -> DEV_A50_3T.mp4 (fps=30.0000000000 t0=160.800000s n=942)
[246/577] A50A51.MOV f5977-6904 -> DEV_A51_3T.mp4 (fps=30.0000000000 t0=199.200000s n=928)
[247/577] A50A51.MOV f7088-8010 -> DEV_A50_4T.mp4 (fps=30.0000000000 t0=236.233333s n=923)
[248/577] A50A51.MOV f8148-9078 -> DEV_A51_4T.mp4 (fps=30.0000000000 t0=271.566667s n=931)
[249/577] A50A51.MOV f9333-10261 -> DEV_A50_5T.mp4 (fps=30.0000000000 t0=311.066667s n=929)
[250/577] A50A51.MOV f10481-11338 -> DEV_A51_5T.mp4 (fps=30.0000000000 t0=349.333333s n=858)
[251/577] A50A51.MOV f11484-12413 -> DEV_A50_6T.mp4 (fps=30.0000000000 t0=382.766667s n=930)
[252/577] A50A51.MOV f12602-13531 -> DEV_A51_6T.mp4 (fps=30.0000000000 t0=420.033333s n=930)
[253/577] A56.MOV f198-1155 -> DEV_A56_1T.mp4 (fps=30.0000000000 t0=6.566667s n=958)
[254/577] A56.MOV f2913-3162 -> DEV_A56_2T.mp4 (fps=30.0000000000 t0=97.066667s n=250)
[255/577] A56.MOV f4159-5123 -> DEV_A56_3T.mp4 (fps=30.0000000000 t0=138.600000s n=965)
[256/577] A56.MOV f6180-7108 -> DEV_A56_4T.mp4 (fps=30.0000000000 t0=205.966667s n=929)
[257/577] A56.MOV f8159-9061 -> DEV_A56_5T.mp4 (fps=30.0000000000 t0=271.933333s n=903)
[258/577] A56.MOV f10067-10995 -> DEV_A56_6T.mp4 (fps=30.0000000000 t0=335.533333s n=929)
[259/577] C5C6.MOV f362-1268 -> DEV_C5_1T.mp4 (fps=30.0000000000 t0=12.033333s n=907)
[260/577] C5C6.MOV f1532-2459 -> DEV_C6_1T.mp4 (fps=30.0000000000 t0=51.033333s n=928)
[261/577] C5C6.MOV f2639-3644 -> DEV_C5_2T.mp4 (fps=30.0000000000 t0=87.933333s n=1006)
[262/577] C5C6.MOV f3884-4792 -> DEV_C6_2T.mp4 (fps=30.0000000000 t0=129.433333s n=909)
[263/577] C5C6.MOV f4996-5930 -> DEV_C5_3T.mp4 (fps=30.0000000000 t0=166.500000s n=935)
[264/577] C5C6.MOV f6115-6999 -> DEV_C6_3T.mp4 (fps=30.0000000000 t0=203.800000s n=885)
[265/577] C5C6.MOV f7171-8039 -> DEV_C5_4T.mp4 (fps=30.0000000000 t0=239.000000s n=869)
[266/577] C5C6.MOV f8306-9261 -> DEV_C6_4T.mp4 (fps=30.0000000000 t0=276.833333s n=956)
[267/577] C5C6.MOV f9439-10330 -> DEV_C5_5T.mp4 (fps=30.0000000000 t0=314.600000s n=892)
[268/577] C5C6.MOV f10517-11419 -> DEV_C6_5T.mp4 (fps=30.0000000000 t0=350.533333s n=903)
[269/577] C5C6.MOV f11651-12561 -> DEV_C5_6T.mp4 (fps=30.0000000000 t0=388.333333s n=911)
[270/577] C5C6.MOV f12756-13656 -> DEV_C6_6T.mp4 (fps=30.0000000000 t0=425.166667s n=901)
[271/577] C17C18.MOV f384-1312 -> DEV_C17_1T.mp4 (fps=30.0000000000 t0=12.766667s n=929)
[272/577] C17C18.MOV f1537-2435 -> DEV_C18_1T.mp4 (fps=30.0000000000 t0=51.200000s n=899)
[273/577] C17C18.MOV f2652-3554 -> DEV_C17_2T.mp4 (fps=30.0000000000 t0=88.366667s n=903)
[274/577] C17C18.MOV f3783-4697 -> DEV_C18_2T.mp4 (fps=30.0000000000 t0=126.066667s n=915)
[275/577] C17C18.MOV f4907-5830 -> DEV_C17_3T.mp4 (fps=30.0000000000 t0=163.533333s n=924)
[276/577] C17C18.MOV f6064-6978 -> DEV_C18_3T.mp4 (fps=30.0000000000 t0=202.100000s n=915)
[277/577] C17C18.MOV f7174-8081 -> DEV_C17_4T.mp4 (fps=30.0000000000 t0=239.100000s n=908)
[278/577] C17C18.MOV f8289-9218 -> DEV_C18_4T.mp4 (fps=30.0000000000 t0=276.266667s n=930)
[279/577] C17C18.MOV f9577-10480 -> DEV_C17_5T.mp4 (fps=30.0000000000 t0=319.200000s n=904)
[280/577] C17C18.MOV f10696-11607 -> DEV_C18_5T.mp4 (fps=30.0000000000 t0=356.500000s n=912)
[281/577] C17C18.MOV f11819-12713 -> DEV_C17_6T.mp4 (fps=30.0000000000 t0=393.933333s n=895)
[282/577] C17C18.MOV f13087-13999 -> DEV_C18_6T.mp4 (fps=30.0000000000 t0=436.200000s n=913)
[283/577] C23.MOV f372-1283 -> DEV_C23_1T.mp4 (fps=30.0000000000 t0=12.366667s n=912)
[284/577] C23.MOV f2438-3327 -> DEV_C23_2T.mp4 (fps=30.0000000000 t0=81.233333s n=890)
[285/577] C23.MOV f4453-5536 -> DEV_C23_3T.mp4 (fps=30.0000000000 t0=148.400000s n=1084)
[286/577] C23.MOV f6362-7255 -> DEV_C23_4T.mp4 (fps=30.0000000000 t0=212.033333s n=894)
[287/577] C23.MOV f8282-9183 -> DEV_C23_5T.mp4 (fps=30.0000000000 t0=276.033333s n=902)
[288/577] C23.MOV f10167-11177 -> DEV_C23_6T.mp4 (fps=30.0000000000 t0=338.866667s n=1011)
[289/577] A9A10.MOV f424-1487 -> DEV_A9_1T.mp4 (fps=30.0000000000 t0=14.100000s n=1064)
[290/577] A9A10.MOV f2072-3056 -> DEV_A10_1T.mp4 (fps=30.0000000000 t0=69.033333s n=985)
[291/577] A9A10.MOV f3214-4131 -> DEV_A9_2T.mp4 (fps=30.0000000000 t0=107.100000s n=918)
[292/577] A9A10.MOV f4275-5217 -> DEV_A10_2T.mp4 (fps=30.0000000000 t0=142.466667s n=943)
[293/577] A9A10.MOV f5384-6485 -> DEV_A9_3T.mp4 (fps=30.0000000000 t0=179.433333s n=1102)
[294/577] A9A10.MOV f6726-7713 -> DEV_A10_3T.mp4 (fps=30.0000000000 t0=224.166667s n=988)
[295/577] A9A10.MOV f7864-8782 -> DEV_A9_4T.mp4 (fps=30.0000000000 t0=262.100000s n=919)
[296/577] A9A10.MOV f8947-9946 -> DEV_A10_4T.mp4 (fps=30.0000000000 t0=298.200000s n=1000)
[297/577] A9A10.MOV f10112-11163 -> DEV_A9_5T.mp4 (fps=30.0000000000 t0=337.033333s n=1052)
[298/577] A9A10.MOV f11430-12388 -> DEV_A10_5T.mp4 (fps=30.0000000000 t0=380.966667s n=959)
[299/577] A9A10.MOV f12527-13522 -> DEV_A9_6T.mp4 (fps=30.0000000000 t0=417.533333s n=996)
[300/577] A9A10.MOV f13721-14682 -> DEV_A10_6T.mp4 (fps=30.0000000000 t0=457.333333s n=962)
[301/577] A15A16.MOV f2538-3493 -> DEV_A15_1T.mp4 (fps=30.0000000000 t0=84.566667s n=956)
[302/577] A15A16.MOV f3762-4700 -> DEV_A16_1T.mp4 (fps=30.0000000000 t0=125.366667s n=939)
[303/577] A15A16.MOV f4858-5790 -> DEV_A15_2T.mp4 (fps=30.0000000000 t0=161.900000s n=933)
[304/577] A15A16.MOV f5983-6936 -> DEV_A16_2T.mp4 (fps=30.0000000000 t0=199.400000s n=954)
[305/577] A15A16.MOV f7106-8025 -> DEV_A15_3T.mp4 (fps=30.0000000000 t0=236.833333s n=920)
[306/577] A15A16.MOV f8340-9308 -> DEV_A16_3T.mp4 (fps=30.0000000000 t0=277.966667s n=969)
[307/577] A15A16.MOV f9508-10476 -> DEV_A15_4T.mp4 (fps=30.0000000000 t0=316.900000s n=969)
[308/577] A15A16.MOV f10654-11607 -> DEV_A16_4T.mp4 (fps=30.0000000000 t0=355.100000s n=954)
[309/577] A15A16.MOV f11781-12707 -> DEV_A15_5T.mp4 (fps=30.0000000000 t0=392.666667s n=927)
[310/577] A15A16.MOV f12880-13809 -> DEV_A16_5T.mp4 (fps=30.0000000000 t0=429.300000s n=930)
[311/577] A15A16.MOV f14001-14985 -> DEV_A15_6T.mp4 (fps=30.0000000000 t0=466.666667s n=985)
[312/577] A15A16.MOV f15210-16135 -> DEV_A16_6T.mp4 (fps=30.0000000000 t0=506.966667s n=926)
[313/577] A20A21.MOV f401-1330 -> DEV_A20_1T.mp4 (fps=30.0000000000 t0=13.333333s n=930)
[314/577] A20A21.MOV f1576-2510 -> DEV_A21_1T.mp4 (fps=30.0000000000 t0=52.500000s n=935)
[315/577] A20A21.MOV f2653-3836 -> DEV_A20_2T.mp4 (fps=30.0000000000 t0=88.400000s n=1184)
[316/577] A20A21.MOV f4048-5003 -> DEV_A21_2T.mp4 (fps=30.0000000000 t0=134.900000s n=956)
[317/577] A20A21.MOV f5168-6141 -> DEV_A20_3T.mp4 (fps=30.0000000000 t0=172.233333s n=974)
[318/577] A20A21.MOV f6306-7283 -> DEV_A21_3T.mp4 (fps=30.0000000000 t0=210.166667s n=978)
[319/577] A20A21.MOV f7448-8370 -> DEV_A20_4T.mp4 (fps=30.0000000000 t0=248.233333s n=923)
[320/577] A20A21.MOV f8527-9553 -> DEV_A21_4T.mp4 (fps=30.0000000000 t0=284.200000s n=1027)
[321/577] A20A21.MOV f9705-10672 -> DEV_A20_5T.mp4 (fps=30.0000000000 t0=323.466667s n=968)
[322/577] A20A21.MOV f10863-11785 -> DEV_A21_5T.mp4 (fps=30.0000000000 t0=362.066667s n=923)
[323/577] A20A21.MOV f12043-12967 -> DEV_A20_6T.mp4 (fps=30.0000000000 t0=401.400000s n=925)
[324/577] A20A21.MOV f13120-14088 -> DEV_A21_6T.mp4 (fps=30.0000000000 t0=437.300000s n=969)
[325/577] A25A26.MOV f265-1223 -> DEV_A25_1T.mp4 (fps=30.0000000000 t0=8.800000s n=959)
[326/577] A25A26.MOV f1456-2380 -> DEV_A26_1T.mp4 (fps=30.0000000000 t0=48.500000s n=925)
[327/577] A25A26.MOV f2537-3465 -> DEV_A25_2T.mp4 (fps=30.0000000000 t0=84.533333s n=929)
[328/577] A25A26.MOV f3774-4695 -> DEV_A26_2T.mp4 (fps=30.0000000000 t0=125.766667s n=922)
[329/577] A25A26.MOV f4865-5812 -> DEV_A25_3T.mp4 (fps=30.0000000000 t0=162.133333s n=948)
[330/577] A25A26.MOV f6021-6977 -> DEV_A26_3T.mp4 (fps=30.0000000000 t0=200.666667s n=957)
[331/577] A25A26.MOV f7391-8313 -> DEV_A25_4T.mp4 (fps=30.0000000000 t0=246.333333s n=923)
[332/577] A25A26.MOV f8604-9565 -> DEV_A26_4T.mp4 (fps=30.0000000000 t0=286.766667s n=962)
[333/577] A25A26.MOV f9718-10645 -> DEV_A25_5T.mp4 (fps=30.0000000000 t0=323.900000s n=928)
[334/577] A25A26.MOV f10802-11752 -> DEV_A26_5T.mp4 (fps=30.0000000000 t0=360.033333s n=951)
[335/577] A25A26.MOV f11905-12848 -> DEV_A25_6T.mp4 (fps=30.0000000000 t0=396.800000s n=944)
[336/577] A25A26.MOV f13061-13977 -> DEV_A26_6T.mp4 (fps=30.0000000000 t0=435.333333s n=917)
[337/577] D1D2.mp4 f480-1306 -> DEV_D1_1T.mp4 (fps=30.0000000000 t0=15.966667s n=827)
[h264 @ 00000259b479d600] Invalid NAL unit size (-674788486 > 228154).
[h264 @ 00000259b479d600] missing picture in access unit with size 228158
[h264 @ 00000259b47dec00] Invalid NAL unit size (-674788486 > 228154).
[h264 @ 00000259b47dec00] Error splitting the input into NAL units.
[h264 @ 00000259b479d600] Invalid NAL unit size (-1532976044 > 43110).
[h264 @ 00000259b479d600] missing picture in access unit with size 43114
[h264 @ 00000259b479d600] Invalid NAL unit size (-707098671 > 48296).
[h264 @ 00000259b479d600] missing picture in access unit with size 48300
[h264 @ 00000259b479d600] Invalid NAL unit size (-1753364201 > 63105).
[h264 @ 00000259b479d600] missing picture in access unit with size 63109
[h264 @ 00000259b47e0c80] Invalid NAL unit size (-1532976044 > 43110).
[h264 @ 00000259b47e0c80] Error splitting the input into NAL units.
[h264 @ 00000259b4827540] Invalid NAL unit size (-707098671 > 48296).
[h264 @ 00000259b4827540] Error splitting the input into NAL units.
[h264 @ 00000259b479d600] Invalid NAL unit size (-1547522770 > 74209).
[h264 @ 00000259b479d600] missing picture in access unit with size 74213
[h264 @ 00000259b479d600] Invalid NAL unit size (-729567685 > 61972).
[h264 @ 00000259b479d600] missing picture in access unit with size 61976
[h264 @ 00000259b48067c0] Invalid NAL unit size (-1753364201 > 63105).
[h264 @ 00000259b48067c0] Error splitting the input into NAL units.
[h264 @ 00000259b675dc80] Invalid NAL unit size (-1547522770 > 74209).
[h264 @ 00000259b675dc80] Error splitting the input into NAL units.
[h264 @ 00000259b479d600] Invalid NAL unit size (1719243250 > 73965).
[h264 @ 00000259b479d600] missing picture in access unit with size 73969
[h264 @ 00000259b479d600] Invalid NAL unit size (1602220547 > 64690).
[h264 @ 00000259b479d600] missing picture in access unit with size 64694
[h264 @ 00000259b675e240] Invalid NAL unit size (-729567685 > 61972).
[h264 @ 00000259b675e240] Error splitting the input into NAL units.
[h264 @ 00000259b479d600] Invalid NAL unit size (246123406 > 74246).
[h264 @ 00000259b479d600] missing picture in access unit with size 74250
[h264 @ 00000259b479d600] Invalid NAL unit size (-1048441589 > 67659).
[h264 @ 00000259b479d600] missing picture in access unit with size 67663
[h264 @ 00000259b479d600] Invalid NAL unit size (-1708427912 > 72748).
[h264 @ 00000259b479d600] missing picture in access unit with size 72752
[h264 @ 00000259b675e7c0] Invalid NAL unit size (1719243250 > 73965).
[h264 @ 00000259b675e7c0] Error splitting the input into NAL units.
[h264 @ 00000259b479d600] Invalid NAL unit size (-709795251 > 62243).
[h264 @ 00000259b479d600] missing picture in access unit with size 62247
[h264 @ 00000259b479d600] Invalid NAL unit size (1238115404 > 60518).
[h264 @ 00000259b479d600] missing picture in access unit with size 60522
[h264 @ 00000259b479d600] Invalid NAL unit size (-1576192543 > 73120).
[h264 @ 00000259b479d600] missing picture in access unit with size 73124
[h264 @ 00000259b47db840] Invalid NAL unit size (1602220547 > 64690).
[h264 @ 00000259b47db840] Error splitting the input into NAL units.
[h264 @ 00000259b479d600] Invalid NAL unit size (106958873 > 75125).
[h264 @ 00000259b479d600] missing picture in access unit with size 75129
[h264 @ 00000259b479d600] Invalid NAL unit size (-1191920958 > 67911).
[h264 @ 00000259b479d600] missing picture in access unit with size 67915
[h264 @ 00000259b479d600] Invalid NAL unit size (1358849290 > 80205).
[h264 @ 00000259b479d600] missing picture in access unit with size 80209
[h264 @ 00000259b47dbc00] Invalid NAL unit size (246123406 > 74246).
[h264 @ 00000259b47dbc00] Error splitting the input into NAL units.
[h264 @ 00000259b479d600] Invalid NAL unit size (555390029 > 64184).
[h264 @ 00000259b479d600] missing picture in access unit with size 64188
[h264 @ 00000259b479d600] Invalid NAL unit size (555390005 > 58405).
[h264 @ 00000259b479d600] missing picture in access unit with size 58409
[h264 @ 00000259b479d600] Invalid NAL unit size (-2078427845 > 75419).
[h264 @ 00000259b479d600] missing picture in access unit with size 75423
[h264 @ 00000259b6dcfd40] Invalid NAL unit size (-1048441589 > 67659).
[h264 @ 00000259b6dcfd40] Error splitting the input into NAL units.
[h264 @ 00000259b479d600] Invalid NAL unit size (-1783988279 > 76335).
[h264 @ 00000259b479d600] missing picture in access unit with size 76339
[h264 @ 00000259b6dd0100] Invalid NAL unit size (-1708427912 > 72748).
[h264 @ 00000259b6dd0100] Error splitting the input into NAL units.
[h264 @ 00000259b479d600] Invalid NAL unit size (1812013406 > 61196).
[h264 @ 00000259b479d600] missing picture in access unit with size 61200
[h264 @ 00000259b6dd06c0] Invalid NAL unit size (-709795251 > 62243).
[h264 @ 00000259b6dd06c0] Error splitting the input into NAL units.
[h264 @ 00000259b479d600] Invalid NAL unit size (-1572469525 > 63928).
[h264 @ 00000259b479d600] missing picture in access unit with size 63932
[h264 @ 00000259b6873a40] Invalid NAL unit size (1238115404 > 60518).
[h264 @ 00000259b6873a40] Error splitting the input into NAL units.
[h264 @ 00000259b479d600] Invalid NAL unit size (1813478742 > 63868).
[h264 @ 00000259b479d600] missing picture in access unit with size 63872
[h264 @ 00000259b68a2700] Invalid NAL unit size (-1576192543 > 73120).
[h264 @ 00000259b68a2700] Error splitting the input into NAL units.
[h264 @ 00000259b479d600] Invalid NAL unit size (-1444990891 > 63047).
[h264 @ 00000259b479d600] missing picture in access unit with size 63051
[h264 @ 00000259b68a35c0] Invalid NAL unit size (106958873 > 75125).
[h264 @ 00000259b68a35c0] Error splitting the input into NAL units.
[vist#0:1/h264 @ 00000259b66e7d40] [dec:h264 @ 00000259b6ddbb40] Error submitting packet to decoder: Invalid data found when processing input
[h264 @ 00000259b479d600] Invalid NAL unit size (555389997 > 70291).
[h264 @ 00000259b479d600] missing picture in access unit with size 70295
[h264 @ 00000259b68a3240] Invalid NAL unit size (-1191920958 > 67911).
[h264 @ 00000259b68a3240] Error splitting the input into NAL units.
[vist#0:1/h264 @ 00000259b66e7d40] [dec:h264 @ 00000259b6ddbb40] Error submitting packet to decoder: Invalid data found when processing input
[h264 @ 00000259b47dec00] Invalid NAL unit size (1358849290 > 80205).
[h264 @ 00000259b47dec00] Error splitting the input into NAL units.
[vist#0:1/h264 @ 00000259b66e7d40] [dec:h264 @ 00000259b6ddbb40] Error submitting packet to decoder: Invalid data found when processing input
[h264 @ 00000259b479d600] Invalid NAL unit size (1676124002 > 71428).
[h264 @ 00000259b479d600] missing picture in access unit with size 71432
[h264 @ 00000259b47e0c80] Invalid NAL unit size (555390029 > 64184).
[h264 @ 00000259b47e0c80] Error splitting the input into NAL units.
[vist#0:1/h264 @ 00000259b66e7d40] [dec:h264 @ 00000259b6ddbb40] Error submitting packet to decoder: Invalid data found when processing input
[h264 @ 00000259b4827540] Invalid NAL unit size (555390005 > 58405).
[h264 @ 00000259b4827540] Error splitting the input into NAL units.
[vist#0:1/h264 @ 00000259b66e7d40] [dec:h264 @ 00000259b6ddbb40] Error submitting packet to decoder: Invalid data found when processing input
[h264 @ 00000259b48067c0] Invalid NAL unit size (-2078427845 > 75419).
[h264 @ 00000259b48067c0] Error splitting the input into NAL units.
[vist#0:1/h264 @ 00000259b66e7d40] [dec:h264 @ 00000259b6ddbb40] Error submitting packet to decoder: Invalid data found when processing input
[h264 @ 00000259b675dc80] Invalid NAL unit size (-1783988279 > 76335).
[h264 @ 00000259b675dc80] Error splitting the input into NAL units.
[vist#0:1/h264 @ 00000259b66e7d40] [dec:h264 @ 00000259b6ddbb40] Error submitting packet to decoder: Invalid data found when processing input
[h264 @ 00000259b675e240] Invalid NAL unit size (1812013406 > 61196).
[h264 @ 00000259b675e240] Error splitting the input into NAL units.
[vist#0:1/h264 @ 00000259b66e7d40] [dec:h264 @ 00000259b6ddbb40] Error submitting packet to decoder: Invalid data found when processing input
[h264 @ 00000259b675e7c0] Invalid NAL unit size (-1572469525 > 63928).
[h264 @ 00000259b675e7c0] Error splitting the input into NAL units.
[vist#0:1/h264 @ 00000259b66e7d40] [dec:h264 @ 00000259b6ddbb40] Error submitting packet to decoder: Invalid data found when processing input
[h264 @ 00000259b47db840] Invalid NAL unit size (1813478742 > 63868).
[h264 @ 00000259b47db840] Error splitting the input into NAL units.
[vist#0:1/h264 @ 00000259b66e7d40] [dec:h264 @ 00000259b6ddbb40] Error submitting packet to decoder: Invalid data found when processing input
[h264 @ 00000259b47dbc00] Invalid NAL unit size (-1444990891 > 63047).
[h264 @ 00000259b47dbc00] Error splitting the input into NAL units.
[vist#0:1/h264 @ 00000259b66e7d40] [dec:h264 @ 00000259b6ddbb40] Error submitting packet to decoder: Invalid data found when processing input
[h264 @ 00000259b6dcfd40] Invalid NAL unit size (555389997 > 70291).
[h264 @ 00000259b6dcfd40] Error splitting the input into NAL units.
[vist#0:1/h264 @ 00000259b66e7d40] [dec:h264 @ 00000259b6ddbb40] Error submitting packet to decoder: Invalid data found when processing input
[h264 @ 00000259b6dd0100] Invalid NAL unit size (1676124002 > 71428).
[h264 @ 00000259b6dd0100] Error splitting the input into NAL units.
[vist#0:1/h264 @ 00000259b66e7d40] [dec:h264 @ 00000259b6ddbb40] Error submitting packet to decoder: Invalid data found when processing input
    Last message repeated 14 times
[338/577] D1D2.mp4 f1603-2491 -> DEV_D2_1T.mp4 (fps=30.0000000000 t0=53.400000s n=889)
[339/577] D1D2.mp4 f2688-3603 -> DEV_D1_2T.mp4 (fps=30.0000000000 t0=89.566667s n=916)
[340/577] D1D2.mp4 f3819-4725 -> DEV_D2_2T.mp4 (fps=30.0000000000 t0=127.266667s n=907)
[341/577] D1D2.mp4 f4954-5929 -> DEV_D1_3T.mp4 (fps=30.0000000000 t0=165.100000s n=976)
[342/577] D1D2.mp4 f6184-7123 -> DEV_D2_3T.mp4 (fps=30.0000000000 t0=206.100000s n=940)
[343/577] D1D2.mp4 f7453-8406 -> DEV_D1_4T.mp4 (fps=30.0000000000 t0=248.400000s n=954)
[344/577] D1D2.mp4 f8741-9658 -> DEV_D2_4T.mp4 (fps=30.0000000000 t0=291.333333s n=918)
[345/577] D1D2.mp4 f9901-10862 -> DEV_D1_5T.mp4 (fps=30.0000000000 t0=330.000000s n=962)
[346/577] D1D2.mp4 f11146-12137 -> DEV_D2_5T.mp4 (fps=30.0000000000 t0=371.500000s n=992)
[347/577] D1D2.mp4 f12439-13397 -> DEV_D1_6T.mp4 (fps=30.0000000000 t0=414.600000s n=959)
[348/577] D1D2.mp4 f13673-14642 -> DEV_D2_6T.mp4 (fps=30.0000000000 t0=455.733333s n=970)
[349/577] D7D8.mp4 f355-1270 -> DEV_D7_1T.mp4 (fps=30.0000000000 t0=11.800000s n=916)
[350/577] D7D8.mp4 f1544-2455 -> DEV_D8_1T.mp4 (fps=30.0000000000 t0=51.433333s n=912)
[351/577] D7D8.mp4 f2644-3523 -> DEV_D7_2T.mp4 (fps=30.0000000000 t0=88.100000s n=880)
[352/577] D7D8.mp4 f3812-4732 -> DEV_D8_2T.mp4 (fps=30.0000000000 t0=127.033333s n=921)
[353/577] D7D8.mp4 f4971-5891 -> DEV_D7_3T.mp4 (fps=30.0000000000 t0=165.666667s n=921)
[354/577] D7D8.mp4 f6198-7215 -> DEV_D8_3T.mp4 (fps=30.0000000000 t0=206.566667s n=1018)
[355/577] D7D8.mp4 f7496-8438 -> DEV_D7_4T.mp4 (fps=30.0000000000 t0=249.833333s n=943)
[356/577] D7D8.mp4 f8762-9653 -> DEV_D8_4T.mp4 (fps=30.0000000000 t0=292.033333s n=892)
[357/577] D7D8.mp4 f9886-10801 -> DEV_D7_5T.mp4 (fps=30.0000000000 t0=329.500000s n=916)
[358/577] D7D8.mp4 f11031-11971 -> DEV_D8_5T.mp4 (fps=30.0000000000 t0=367.666667s n=941)
[359/577] D7D8.mp4 f11971-13254 -> DEV_D7_6T.mp4 (fps=30.0000000000 t0=399.000000s n=1284)
[360/577] D7D8.mp4 f13509-14467 -> DEV_D8_6T.mp4 (fps=30.0000000000 t0=450.266667s n=959)
[361/577] D13D14.mp4 f168-588 -> DEV_D13_1T.mp4 (fps=15.0000000000 t0=11.133333s n=421)
[362/577] D13D14.mp4 f731-1136 -> DEV_D14_1T.mp4 (fps=15.0000000000 t0=48.666667s n=406)
[363/577] D13D14.mp4 f1236-1654 -> DEV_D13_2T.mp4 (fps=15.0000000000 t0=82.333333s n=419)
[364/577] D13D14.mp4 f1786-2192 -> DEV_D14_2T.mp4 (fps=15.0000000000 t0=119.000000s n=407)
[365/577] D13D14.mp4 f2306-2731 -> DEV_D13_3T.mp4 (fps=15.0000000000 t0=153.666667s n=426)
[366/577] D13D14.mp4 f2818-3254 -> DEV_D14_3T.mp4 (fps=15.0000000000 t0=187.800000s n=437)
[367/577] D13D14.mp4 f3363-3779 -> DEV_D13_4T.mp4 (fps=15.0000000000 t0=224.133333s n=417)
[368/577] D13D14.mp4 f3901-4318 -> DEV_D14_4T.mp4 (fps=15.0000000000 t0=260.000000s n=418)
[369/577] D13D14.mp4 f4461-4891 -> DEV_D13_5T.mp4 (fps=15.0000000000 t0=297.333333s n=431)
[370/577] D13D14.mp4 f5000-5421 -> DEV_D14_5T.mp4 (fps=15.0000000000 t0=333.266667s n=422)
[371/577] D13D14.mp4 f5517-5954 -> DEV_D13_6T.mp4 (fps=15.0000000000 t0=367.733333s n=438)
[372/577] D13D14.mp4 f6077-6509 -> DEV_D14_6T.mp4 (fps=15.0000000000 t0=405.066667s n=433)
[373/577] F1F2.mp4 f113-1058 -> DEV_F1_1T.mp4 (fps=30.0000000000 t0=3.733333s n=946)
[374/577] F1F2.mp4 f1483-2427 -> DEV_F2_1T.mp4 (fps=30.0000000000 t0=49.400000s n=945)
[375/577] F1F2.mp4 f2635-3519 -> DEV_F1_2T.mp4 (fps=30.0000000000 t0=87.800000s n=885)
[376/577] F1F2.mp4 f3816-4773 -> DEV_F2_2T.mp4 (fps=30.0000000000 t0=127.166667s n=958)
[377/577] F1F2.mp4 f4984-5886 -> DEV_F1_3T.mp4 (fps=30.0000000000 t0=166.100000s n=903)
[378/577] F1F2.mp4 f6143-7057 -> DEV_F2_3T.mp4 (fps=30.0000000000 t0=204.733333s n=915)
[379/577] F1F2.mp4 f7395-8321 -> DEV_F1_4T.mp4 (fps=30.0000000000 t0=246.466667s n=927)
[380/577] F1F2.mp4 f8539-9447 -> DEV_F2_4T.mp4 (fps=30.0000000000 t0=284.600000s n=909)
[381/577] F1F2.mp4 f9716-10697 -> DEV_F1_5T.mp4 (fps=30.0000000000 t0=323.833333s n=982)
[382/577] F1F2.mp4 f10937-11805 -> DEV_F2_5T.mp4 (fps=30.0000000000 t0=364.533333s n=869)
[383/577] F1F2.mp4 f12190-13133 -> DEV_F1_6T.mp4 (fps=30.0000000000 t0=406.300000s n=944)
[384/577] F1F2.mp4 f13419-14332 -> DEV_F2_6T.mp4 (fps=30.0000000000 t0=447.266667s n=914)
[385/577] F7F8.mp4 f93-964 -> DEV_F7_1T.mp4 (fps=30.0000000000 t0=3.066667s n=872)
[386/577] F7F8.mp4 f1231-2245 -> DEV_F8_1T.mp4 (fps=30.0000000000 t0=41.000000s n=1015)
[387/577] F7F8.mp4 f2588-3531 -> DEV_F7_2T.mp4 (fps=30.0000000000 t0=86.233333s n=944)
[388/577] F7F8.mp4 f3773-4695 -> DEV_F8_2T.mp4 (fps=30.0000000000 t0=125.733333s n=923)
[389/577] F7F8.mp4 f4926-5842 -> DEV_F7_3T.mp4 (fps=30.0000000000 t0=164.166667s n=917)
[390/577] F7F8.mp4 f6128-6978 -> DEV_F8_3T.mp4 (fps=30.0000000000 t0=204.233333s n=851)
[391/577] F7F8.mp4 f7221-8161 -> DEV_F7_4T.mp4 (fps=30.0000000000 t0=240.666667s n=941)
[392/577] F7F8.mp4 f8406-9388 -> DEV_F8_4T.mp4 (fps=30.0000000000 t0=280.166667s n=983)
[393/577] F7F8.mp4 f9770-10673 -> DEV_F7_5T.mp4 (fps=30.0000000000 t0=325.633333s n=904)
[394/577] F7F8.mp4 f10870-11848 -> DEV_F8_5T.mp4 (fps=30.0000000000 t0=362.300000s n=979)
[395/577] F7F8.mp4 f12049-12904 -> DEV_F7_6T.mp4 (fps=30.0000000000 t0=401.600000s n=856)
[396/577] F7F8.mp4 f13091-14061 -> DEV_F8_6T.mp4 (fps=30.0000000000 t0=436.333333s n=971)
[397/577] A36A37.MOV f275-1192 -> DEV_A36_1T.mp4 (fps=30.0000000000 t0=9.133333s n=918)
[398/577] A36A37.MOV f1359-2279 -> DEV_A37_1T.mp4 (fps=30.0000000000 t0=45.266667s n=921)
[399/577] A36A37.MOV f2429-3356 -> DEV_A36_2T.mp4 (fps=30.0000000000 t0=80.933333s n=928)
[400/577] A36A37.MOV f3517-4490 -> DEV_A37_2T.mp4 (fps=30.0000000000 t0=117.200000s n=974)
[401/577] A36A37.MOV f4666-5594 -> DEV_A36_3T.mp4 (fps=30.0000000000 t0=155.500000s n=929)
[402/577] A36A37.MOV f5773-6693 -> DEV_A37_3T.mp4 (fps=30.0000000000 t0=192.400000s n=921)
[403/577] A36A37.MOV f6843-7764 -> DEV_A36_4T.mp4 (fps=30.0000000000 t0=228.066667s n=922)
[404/577] A36A37.MOV f7941-8843 -> DEV_A37_4T.mp4 (fps=30.0000000000 t0=264.666667s n=903)
[405/577] A36A37.MOV f9063-10001 -> DEV_A36_5T.mp4 (fps=30.0000000000 t0=302.066667s n=939)
[406/577] A36A37.MOV f10150-11081 -> DEV_A37_5T.mp4 (fps=30.0000000000 t0=338.300000s n=932)
[407/577] A36A37.MOV f11238-12169 -> DEV_A36_6T.mp4 (fps=30.0000000000 t0=374.566667s n=932)
[408/577] A36A37.MOV f12310-13257 -> DEV_A37_6T.mp4 (fps=30.0000000000 t0=410.300000s n=948)
[409/577] A42.MOV f277-1233 -> DEV_A42_1T.mp4 (fps=30.0000000000 t0=9.200000s n=957)
[410/577] A42.MOV f2311-3328 -> DEV_A42_2T.mp4 (fps=30.0000000000 t0=77.000000s n=1018)
[411/577] A42.MOV f4445-5410 -> DEV_A42_3T.mp4 (fps=30.0000000000 t0=148.133333s n=966)
[412/577] A42.MOV f6491-7442 -> DEV_A42_4T.mp4 (fps=30.0000000000 t0=216.333333s n=952)
[413/577] A42.MOV f8491-9463 -> DEV_A42_5T.mp4 (fps=30.0000000000 t0=283.000000s n=973)
[414/577] A42.MOV f10559-11503 -> DEV_A42_6T.mp4 (fps=30.0000000000 t0=351.933333s n=945)
[415/577] A47A48.MOV f258-1192 -> DEV_A47_1T.mp4 (fps=30.0000000000 t0=8.566667s n=935)
[416/577] A47A48.MOV f1430-2401 -> DEV_A48_1T.mp4 (fps=30.0000000000 t0=47.633333s n=972)
[417/577] A47A48.MOV f2539-3457 -> DEV_A47_2T.mp4 (fps=30.0000000000 t0=84.600000s n=919)
[418/577] A47A48.MOV f3614-4539 -> DEV_A48_2T.mp4 (fps=30.0000000000 t0=120.433333s n=926)
[419/577] A47A48.MOV f4730-5649 -> DEV_A47_3T.mp4 (fps=30.0000000000 t0=157.633333s n=920)
[420/577] A47A48.MOV f5841-6798 -> DEV_A48_3T.mp4 (fps=30.0000000000 t0=194.666667s n=958)
[421/577] A47A48.MOV f6956-7901 -> DEV_A47_4T.mp4 (fps=30.0000000000 t0=231.833333s n=946)
[422/577] A47A48.MOV f8118-9052 -> DEV_A48_4T.mp4 (fps=30.0000000000 t0=270.566667s n=935)
[423/577] A47A48.MOV f9512-10156 -> DEV_A47_5T.mp4 (fps=30.0000000000 t0=317.033333s n=645)
[424/577] A47A48.MOV f10502-11430 -> DEV_A48_5T.mp4 (fps=30.0000000000 t0=350.033333s n=929)
[425/577] A47A48.MOV f11606-12573 -> DEV_A47_6T.mp4 (fps=30.0000000000 t0=386.833333s n=968)
[426/577] A47A48.MOV f12720-13720 -> DEV_A48_6T.mp4 (fps=30.0000000000 t0=423.966667s n=1001)
[427/577] A52A53.MOV f243-1179 -> DEV_A52_1T.mp4 (fps=30.0000000000 t0=8.066667s n=937)
[428/577] A52A53.MOV f1367-2314 -> DEV_A53_1T.mp4 (fps=30.0000000000 t0=45.533333s n=948)
[429/577] A52A53.MOV f2484-3443 -> DEV_A52_2T.mp4 (fps=30.0000000000 t0=82.766667s n=960)
[430/577] A52A53.MOV f3589-4517 -> DEV_A53_2T.mp4 (fps=30.0000000000 t0=119.600000s n=929)
[431/577] A52A53.MOV f4708-5639 -> DEV_A52_3T.mp4 (fps=30.0000000000 t0=156.900000s n=932)
[432/577] A52A53.MOV f5803-6736 -> DEV_A53_3T.mp4 (fps=30.0000000000 t0=193.400000s n=934)
[433/577] A52A53.MOV f6913-7840 -> DEV_A52_4T.mp4 (fps=30.0000000000 t0=230.400000s n=928)
[434/577] A52A53.MOV f7993-8928 -> DEV_A53_4T.mp4 (fps=30.0000000000 t0=266.400000s n=936)
[435/577] A52A53.MOV f9124-10088 -> DEV_A52_5T.mp4 (fps=30.0000000000 t0=304.100000s n=965)
[436/577] A52A53.MOV f10340-11282 -> DEV_A53_5T.mp4 (fps=30.0000000000 t0=344.633333s n=943)
[437/577] A52A53.MOV f11459-12431 -> DEV_A52_6T.mp4 (fps=30.0000000000 t0=381.933333s n=973)
[438/577] A52A53.MOV f12544-13481 -> DEV_A53_6T.mp4 (fps=30.0000000000 t0=418.100000s n=938)
[439/577] C1C2.MOV f466-1392 -> DEV_C1_1T.mp4 (fps=30.0000000000 t0=15.500000s n=927)
[440/577] C1C2.MOV f1677-2564 -> DEV_C2_1T.mp4 (fps=30.0000000000 t0=55.866667s n=888)
[441/577] C1C2.MOV f2904-3799 -> DEV_C1_2T.mp4 (fps=30.0000000000 t0=96.766667s n=896)
[442/577] C1C2.MOV f4168-5061 -> DEV_C2_2T.mp4 (fps=30.0000000000 t0=138.900000s n=894)
[443/577] C1C2.MOV f5297-6197 -> DEV_C1_3T.mp4 (fps=30.0000000000 t0=176.533333s n=901)
[444/577] C1C2.MOV f6581-7497 -> DEV_C2_3T.mp4 (fps=30.0000000000 t0=219.333333s n=917)
[445/577] C1C2.MOV f7698-8656 -> DEV_C1_4T.mp4 (fps=30.0000000000 t0=256.566667s n=959)
[446/577] C1C2.MOV f8829-9817 -> DEV_C2_4T.mp4 (fps=30.0000000000 t0=294.266667s n=989)
[447/577] C1C2.MOV f10066-10974 -> DEV_C1_5T.mp4 (fps=30.0000000000 t0=335.500000s n=909)
[448/577] C1C2.MOV f11178-12127 -> DEV_C2_5T.mp4 (fps=30.0000000000 t0=372.566667s n=950)
[449/577] C1C2.MOV f12289-13204 -> DEV_C1_6T.mp4 (fps=30.0000000000 t0=409.600000s n=916)
[450/577] C1C2.MOV f13471-14360 -> DEV_C2_6T.mp4 (fps=30.0000000000 t0=449.000000s n=890)
[451/577] C7C8.MOV f310-1219 -> DEV_C7_1T.mp4 (fps=30.0000000000 t0=10.300000s n=910)
[452/577] C7C8.MOV f1547-2460 -> DEV_C8_1T.mp4 (fps=30.0000000000 t0=51.533333s n=914)
[453/577] C7C8.MOV f2644-3526 -> DEV_C7_2T.mp4 (fps=30.0000000000 t0=88.100000s n=883)
[454/577] C7C8.MOV f3832-4726 -> DEV_C8_2T.mp4 (fps=30.0000000000 t0=127.700000s n=895)
[455/577] C7C8.MOV f4958-5866 -> DEV_C7_3T.mp4 (fps=30.0000000000 t0=165.233333s n=909)
[456/577] C7C8.MOV f6034-6938 -> DEV_C8_3T.mp4 (fps=30.0000000000 t0=201.100000s n=905)
[457/577] C7C8.MOV f7637-8536 -> DEV_C7_4T.mp4 (fps=30.0000000000 t0=254.533333s n=900)
[458/577] C7C8.MOV f8709-9620 -> DEV_C8_4T.mp4 (fps=30.0000000000 t0=290.266667s n=912)
[459/577] C7C8.MOV f9870-10786 -> DEV_C7_5T.mp4 (fps=30.0000000000 t0=328.966667s n=917)
[460/577] C7C8.MOV f11039-12097 -> DEV_C8_5T.mp4 (fps=30.0000000000 t0=367.933333s n=1059)
[461/577] C7C8.MOV f12250-13222 -> DEV_C7_6T.mp4 (fps=30.0000000000 t0=408.300000s n=973)
[462/577] C7C8.MOV f13413-14295 -> DEV_C8_6T.mp4 (fps=30.0000000000 t0=447.066667s n=883)
[463/577] C19C20.MOV f494-1398 -> DEV_C19_1T.mp4 (fps=30.0000000000 t0=16.433333s n=905)
[464/577] C19C20.MOV f1622-2552 -> DEV_C20_1T.mp4 (fps=30.0000000000 t0=54.033333s n=931)
[465/577] C19C20.MOV f2727-3714 -> DEV_C19_2T.mp4 (fps=30.0000000000 t0=90.866667s n=988)
[466/577] C19C20.MOV f3966-4902 -> DEV_C20_2T.mp4 (fps=30.0000000000 t0=132.166667s n=937)
[467/577] C19C20.MOV f5062-5972 -> DEV_C19_3T.mp4 (fps=30.0000000000 t0=168.700000s n=911)
[468/577] C19C20.MOV f6273-7194 -> DEV_C20_3T.mp4 (fps=30.0000000000 t0=209.066667s n=922)
[469/577] C19C20.MOV f7384-8225 -> DEV_C19_4T.mp4 (fps=30.0000000000 t0=246.100000s n=842)
[470/577] C19C20.MOV f8528-9410 -> DEV_C20_4T.mp4 (fps=30.0000000000 t0=284.233333s n=883)
[471/577] C19C20.MOV f9581-10647 -> DEV_C19_5T.mp4 (fps=30.0000000000 t0=319.333333s n=1067)
[472/577] C19C20.MOV f10838-11753 -> DEV_C20_5T.mp4 (fps=30.0000000000 t0=361.233333s n=916)
[473/577] C19C20.MOV f11959-12898 -> DEV_C19_6T.mp4 (fps=30.0000000000 t0=398.600000s n=940)
[474/577] C19C20.MOV f13082-13971 -> DEV_C20_6T.mp4 (fps=30.0000000000 t0=436.033333s n=890)
[475/577] C33C34.MOV f252-1088 -> DEV_C33_1T.mp4 (fps=30.0000000000 t0=8.366667s n=837)
[476/577] C33C34.MOV f1326-2234 -> DEV_C34_1T.mp4 (fps=30.0000000000 t0=44.166667s n=909)
[477/577] C33C34.MOV f2434-3358 -> DEV_C33_2T.mp4 (fps=30.0000000000 t0=81.100000s n=925)
[478/577] C33C34.MOV f3535-4427 -> DEV_C34_2T.mp4 (fps=30.0000000000 t0=117.800000s n=893)
[479/577] C33C34.MOV f4621-5571 -> DEV_C33_3T.mp4 (fps=30.0000000000 t0=154.000000s n=951)
[480/577] C33C34.MOV f5878-6756 -> DEV_C34_3T.mp4 (fps=30.0000000000 t0=195.900000s n=879)
[481/577] C33C34.MOV f6930-7844 -> DEV_C33_4T.mp4 (fps=30.0000000000 t0=230.966667s n=915)
[482/577] C33C34.MOV f8066-9017 -> DEV_C34_4T.mp4 (fps=30.0000000000 t0=268.833333s n=952)
[483/577] A11A12.MOV f540-1482 -> DEV_A11_1T.mp4 (fps=30.0000000000 t0=17.966667s n=943)
[484/577] A11A12.MOV f1672-2664 -> DEV_A12_1T.mp4 (fps=30.0000000000 t0=55.700000s n=993)
[485/577] A11A12.MOV f2854-3814 -> DEV_A11_2T.mp4 (fps=30.0000000000 t0=95.100000s n=961)
[486/577] A11A12.MOV f3991-4909 -> DEV_A12_2T.mp4 (fps=30.0000000000 t0=133.000000s n=919)
[487/577] A11A12.MOV f5094-6062 -> DEV_A11_3T.mp4 (fps=30.0000000000 t0=169.766667s n=969)
[488/577] A11A12.MOV f6233-7268 -> DEV_A12_3T.mp4 (fps=30.0000000000 t0=207.733333s n=1036)
[489/577] A11A12.MOV f7478-8390 -> DEV_A11_4T.mp4 (fps=30.0000000000 t0=249.233333s n=913)
[490/577] A11A12.MOV f8637-9587 -> DEV_A12_4T.mp4 (fps=30.0000000000 t0=287.866667s n=951)
[491/577] A11A12.MOV f9760-10682 -> DEV_A11_5T.mp4 (fps=30.0000000000 t0=325.300000s n=923)
[492/577] A11A12.MOV f10931-11907 -> DEV_A12_5T.mp4 (fps=30.0000000000 t0=364.333333s n=977)
[493/577] A11A12.MOV f12116-13079 -> DEV_A11_6T.mp4 (fps=30.0000000000 t0=403.833333s n=964)
[494/577] A11A12.MOV f13229-14118 -> DEV_A12_6T.mp4 (fps=30.0000000000 t0=440.933333s n=890)
[495/577] A17.MOV f299-1227 -> DEV_A17_1T.mp4 (fps=30.0000000000 t0=9.933333s n=929)
[496/577] A17.MOV f2377-3371 -> DEV_A17_2T.mp4 (fps=30.0000000000 t0=79.200000s n=995)
[497/577] A17.MOV f4510-5433 -> DEV_A17_3T.mp4 (fps=30.0000000000 t0=150.300000s n=924)
[498/577] A17.MOV f6659-7609 -> DEV_A17_4T.mp4 (fps=30.0000000000 t0=221.933333s n=951)
[499/577] A17.MOV f8905-9835 -> DEV_A17_5T.mp4 (fps=30.0000000000 t0=296.800000s n=931)
[500/577] A17.MOV f10873-12007 -> DEV_A17_6T.mp4 (fps=30.0000000000 t0=362.400000s n=1135)
[501/577] A22A23.MOV f527-1456 -> DEV_A22_1T.mp4 (fps=30.0000000000 t0=17.533333s n=930)
[502/577] A22A23.MOV f1616-2568 -> DEV_A23_1T.mp4 (fps=30.0000000000 t0=53.833333s n=953)
[503/577] A22A23.MOV f2733-3652 -> DEV_A22_2T.mp4 (fps=30.0000000000 t0=91.066667s n=920)
[504/577] A22A23.MOV f3891-4817 -> DEV_A23_2T.mp4 (fps=30.0000000000 t0=129.666667s n=927)
[505/577] A22A23.MOV f5052-5972 -> DEV_A22_3T.mp4 (fps=30.0000000000 t0=168.366667s n=921)
[506/577] A22A23.MOV f6146-7071 -> DEV_A23_3T.mp4 (fps=30.0000000000 t0=204.833333s n=926)
[507/577] A22A23.MOV f7245-8208 -> DEV_A22_4T.mp4 (fps=30.0000000000 t0=241.466667s n=964)
[508/577] A22A23.MOV f8482-9463 -> DEV_A23_4T.mp4 (fps=30.0000000000 t0=282.700000s n=982)
[509/577] A22A23.MOV f9641-10605 -> DEV_A22_5T.mp4 (fps=30.0000000000 t0=321.333333s n=965)
[510/577] A22A23.MOV f10751-11712 -> DEV_A23_5T.mp4 (fps=30.0000000000 t0=358.333333s n=962)
[511/577] A22A23.MOV f11902-12869 -> DEV_A22_6T.mp4 (fps=30.0000000000 t0=396.700000s n=968)
[512/577] A22A23.MOV f13034-13977 -> DEV_A23_6T.mp4 (fps=30.0000000000 t0=434.433333s n=944)
[513/577] A27A28.MOV f299-1209 -> DEV_A27_1T.mp4 (fps=30.0000000000 t0=9.933333s n=911)
[514/577] A27A28.MOV f1442-2362 -> DEV_A28_1T.mp4 (fps=30.0000000000 t0=48.033333s n=921)
[515/577] A27A28.MOV f2537-3495 -> DEV_A27_2T.mp4 (fps=30.0000000000 t0=84.533333s n=959)
[516/577] A27A28.MOV f3657-4610 -> DEV_A28_2T.mp4 (fps=30.0000000000 t0=121.866667s n=954)
[517/577] A27A28.MOV f4936-5841 -> DEV_A27_3T.mp4 (fps=30.0000000000 t0=164.500000s n=906)
[518/577] A27A28.MOV f6031-7002 -> DEV_A28_3T.mp4 (fps=30.0000000000 t0=201.000000s n=972)
[519/577] A27A28.MOV f7164-8104 -> DEV_A27_4T.mp4 (fps=30.0000000000 t0=238.766667s n=941)
[520/577] A27A28.MOV f8313-9235 -> DEV_A28_4T.mp4 (fps=30.0000000000 t0=277.066667s n=923)
[521/577] A27A28.MOV f9441-10411 -> DEV_A27_5T.mp4 (fps=30.0000000000 t0=314.666667s n=971)
[522/577] A27A28.MOV f10765-11685 -> DEV_A28_5T.mp4 (fps=30.0000000000 t0=358.800000s n=921)
[523/577] A27A28.MOV f11976-12895 -> DEV_A27_6T.mp4 (fps=30.0000000000 t0=399.166667s n=920)
[524/577] A27A28.MOV f13130-14091 -> DEV_A28_6T.mp4 (fps=30.0000000000 t0=437.633333s n=962)
[525/577] D3D4.mp4 f258-1160 -> DEV_D3_1T.mp4 (fps=30.0000000000 t0=8.566667s n=903)
[526/577] D3D4.mp4 f1392-2540 -> DEV_D4_1T.mp4 (fps=30.0000000000 t0=46.366667s n=1149)
[527/577] D3D4.mp4 f2841-3788 -> DEV_D3_2T.mp4 (fps=30.0000000000 t0=94.666667s n=948)
[528/577] D3D4.mp4 f4037-4948 -> DEV_D4_2T.mp4 (fps=30.0000000000 t0=134.533333s n=912)
[529/577] D3D4.mp4 f5373-6326 -> DEV_D3_3T.mp4 (fps=30.0000000000 t0=179.066667s n=954)
[530/577] D3D4.mp4 f6564-7466 -> DEV_D4_3T.mp4 (fps=30.0000000000 t0=218.766667s n=903)
[531/577] D3D4.mp4 f7688-8596 -> DEV_D3_4T.mp4 (fps=30.0000000000 t0=256.233333s n=909)
[532/577] D3D4.mp4 f8831-9736 -> DEV_D4_4T.mp4 (fps=30.0000000000 t0=294.333333s n=906)
[533/577] D3D4.mp4 f9989-10912 -> DEV_D3_5T.mp4 (fps=30.0000000000 t0=332.933333s n=924)
[534/577] D3D4.mp4 f111248-12174 -> DEV_D4_5T.mp4 (fps=30.0000000000 t0=3708.233333s n=-99073)
[535/577] D3D4.mp4 f12427-13313 -> DEV_D3_6T.mp4 (fps=30.0000000000 t0=414.200000s n=887)
[536/577] D3D4.mp4 f13542-14491 -> DEV_D4_6T.mp4 (fps=30.0000000000 t0=451.366667s n=950)
[537/577] D9D10.mp4 f401-1307 -> DEV_D9_1T.mp4 (fps=30.0000000000 t0=13.333333s n=907)
[538/577] D9D10.mp4 f1576-2450 -> DEV_D10_1T.mp4 (fps=30.0000000000 t0=52.500000s n=875)
[539/577] D9D10.mp4 f2702-3638 -> DEV_D9_2T.mp4 (fps=30.0000000000 t0=90.033333s n=937)
[540/577] D9D10.mp4 f3956-4872 -> DEV_D10_2T.mp4 (fps=30.0000000000 t0=131.833333s n=917)
[541/577] D9D10.mp4 f5176-6072 -> DEV_D9_3T.mp4 (fps=30.0000000000 t0=172.500000s n=897)
[542/577] D9D10.mp4 f6401-7294 -> DEV_D10_3T.mp4 (fps=30.0000000000 t0=213.333333s n=894)
[543/577] D9D10.mp4 f7512-8407 -> DEV_D9_4T.mp4 (fps=30.0000000000 t0=250.366667s n=896)
[544/577] D9D10.mp4 f8676-7651 -> DEV_D10_4T.mp4 (fps=30.0000000000 t0=289.166667s n=-1024)
[545/577] D9D10.mp4 f9842-10773 -> DEV_D9_5T.mp4 (fps=30.0000000000 t0=328.033333s n=932)
[546/577] D9D10.mp4 f11018-11937 -> DEV_D10_5T.mp4 (fps=30.0000000000 t0=367.233333s n=920)
[547/577] D9D10.mp4 f12185-13112 -> DEV_D9_6T.mp4 (fps=30.0000000000 t0=406.133333s n=928)
[548/577] D9D10.mp4 f13317-14277 -> DEV_D10_6T.mp4 (fps=30.0000000000 t0=443.866667s n=961)
[549/577] D15D16.mp4 f394-1317 -> DEV_D15_1T.mp4 (fps=30.0000000000 t0=13.100000s n=924)
[550/577] D15D16.mp4 f1548-2519 -> DEV_D16_1T.mp4 (fps=30.0000000000 t0=51.566667s n=972)
[551/577] D15D16.mp4 f2781-3727 -> DEV_D15_2T.mp4 (fps=30.0000000000 t0=92.666667s n=947)
[552/577] D15D16.mp4 f4096-5024 -> DEV_D16_2T.mp4 (fps=30.0000000000 t0=136.500000s n=929)
[553/577] D15D16.mp4 f5229-6178 -> DEV_D15_3T.mp4 (fps=30.0000000000 t0=174.266667s n=950)
[554/577] D15D16.mp4 f6358-7263 -> DEV_D16_3T.mp4 (fps=30.0000000000 t0=211.900000s n=906)
[555/577] D15D16.mp4 f7528-8486 -> DEV_D15_4T.mp4 (fps=30.0000000000 t0=250.900000s n=959)
[556/577] D15D16.mp4 f8698-9599 -> DEV_D16_4T.mp4 (fps=30.0000000000 t0=289.900000s n=902)
[557/577] D15D16.mp4 f9784-10767 -> DEV_D15_5T.mp4 (fps=30.0000000000 t0=326.100000s n=984)
[558/577] D15D16.mp4 f10996-11903 -> DEV_D16_5T.mp4 (fps=30.0000000000 t0=366.500000s n=908)
[559/577] D15D16.mp4 f12326-13284 -> DEV_D15_6T.mp4 (fps=30.0000000000 t0=410.833333s n=959)
[560/577] D15D16.mp4 f13510-14408 -> DEV_D16_6T.mp4 (fps=30.0000000000 t0=450.300000s n=899)
[561/577] F3F4.mp4 f115-1016 -> DEV_F3_1T.mp4 (fps=30.0000000000 t0=3.800000s n=902)
[562/577] F3F4.mp4 f1294-2212 -> DEV_F4_1T.mp4 (fps=30.0000000000 t0=43.100000s n=919)
[563/577] F3F4.mp4 f2434-3416 -> DEV_F3_2T.mp4 (fps=30.0000000000 t0=81.100000s n=983)
[564/577] F3F4.mp4 f3652-4572 -> DEV_F4_2T.mp4 (fps=30.0000000000 t0=121.700000s n=921)
[565/577] F3F4.mp4 f4889-5776 -> DEV_F3_3T.mp4 (fps=30.0000000000 t0=162.933333s n=888)
[566/577] F3F4.mp4 f6093-6999 -> DEV_F4_3T.mp4 (fps=30.0000000000 t0=203.066667s n=907)
[567/577] F3F4.mp4 f7350-8301 -> DEV_F3_4T.mp4 (fps=30.0000000000 t0=244.966667s n=952)
[568/577] F3F4.mp4 f8537-9435 -> DEV_F4_4T.mp4 (fps=30.0000000000 t0=284.533333s n=899)
[569/577] F3F4.mp4 f9711-10644 -> DEV_F3_5T.mp4 (fps=30.0000000000 t0=323.666667s n=934)
[570/577] F3F4.mp4 f10864-11720 -> DEV_F4_5T.mp4 (fps=30.0000000000 t0=362.100000s n=857)
[571/577] F3F4.mp4 f11987-12943 -> DEV_F3_6T.mp4 (fps=30.0000000000 t0=399.533333s n=957)
[572/577] F3F4.mp4 f13176-14113 -> DEV_F4_6T.mp4 (fps=30.0000000000 t0=439.166667s n=938)
[573/577] F9.mp4 f191-1110 -> DEV_F9_1T.mp4 (fps=30.0000000000 t0=6.333333s n=920)
[574/577] F9.mp4 f2272-3204 -> DEV_F9_2T.mp4 (fps=30.0000000000 t0=75.700000s n=933)
[575/577] F9.mp4 f4465-5456 -> DEV_F9_3T.mp4 (fps=30.0000000000 t0=148.800000s n=992)
[576/577] F9.mp4 f6530-7441 -> DEV_F9_4T.mp4 (fps=30.0000000000 t0=217.633333s n=912)
[577/577] F9.mp4 f8585-9553 -> DEV_F9_5T.mp4 (fps=30.0000000000 t0=286.133333s n=969)
----------------------------------------
Done. ok=572  fail=0  skipped=5  elapsed=2765s
Log: /c/Users/User/PycharmProjects/sphynx/tools/cut_ontogenez_clips.log
